// Vitest Snapshot v1, https://vitest.dev/guide/snapshot.html

exports[`WordPage > matches snapshot 1`] = `
{
  "asFragment": [Function],
  "baseElement": <body>
    <div>
      <section
        class="centered-container"
      >
        <form
          class="edit-form"
        >
          <input
            name="id"
            type="hidden"
            value=""
          />
          <div
            class="edit-form__row"
          >
            <label
              for="value"
            >
              Word or phrase
            </label>
            <div>
              <input
                id="value"
                name="value"
              />
              <div
                class="form-error"
              />
            </div>
          </div>
          <div
            class="edit-form__row"
          >
            <label
              for="soundsLike"
            >
              Sounds Like
            </label>
            <input
              id="soundsLike"
              name="soundsLike"
            />
          </div>
          <div
            class="edit-form__row"
          >
            <label
              for="meaning"
            >
              Meaning
            </label>
            <div>
              <input
                id="meaning"
                name="meaning"
              />
              <div
                class="form-error"
              />
            </div>
          </div>
          <div
            class="edit-form__row"
          >
            <label
              for="categories"
            >
              Categories
            </label>
            <div>
              <select
                id="categories"
                multiple=""
                name="categories"
              >
                <option
                  value="1"
                >
                  Noun
                </option>
                <option
                  value="2"
                >
                  Verb
                </option>
                <option
                  value="3"
                >
                  Adjective
                </option>
                <option
                  value="4"
                >
                  Other
                </option>
                <option
                  value="5"
                >
                  Greetings
                </option>
                <option
                  value="6"
                >
                  Numbers
                </option>
              </select>
              <div
                class="form-error"
              />
            </div>
          </div>
          <div
            class="edit-form__buttons"
          >
            <input
              type="submit"
              value="Save"
            />
            <input
              type="button"
              value="Cancel"
            />
          </div>
        </form>
      </section>
    </div>
  </body>,
  "container": <div>
    <section
      class="centered-container"
    >
      <form
        class="edit-form"
      >
        <input
          name="id"
          type="hidden"
          value=""
        />
        <div
          class="edit-form__row"
        >
          <label
            for="value"
          >
            Word or phrase
          </label>
          <div>
            <input
              id="value"
              name="value"
            />
            <div
              class="form-error"
            />
          </div>
        </div>
        <div
          class="edit-form__row"
        >
          <label
            for="soundsLike"
          >
            Sounds Like
          </label>
          <input
            id="soundsLike"
            name="soundsLike"
          />
        </div>
        <div
          class="edit-form__row"
        >
          <label
            for="meaning"
          >
            Meaning
          </label>
          <div>
            <input
              id="meaning"
              name="meaning"
            />
            <div
              class="form-error"
            />
          </div>
        </div>
        <div
          class="edit-form__row"
        >
          <label
            for="categories"
          >
            Categories
          </label>
          <div>
            <select
              id="categories"
              multiple=""
              name="categories"
            >
              <option
                value="1"
              >
                Noun
              </option>
              <option
                value="2"
              >
                Verb
              </option>
              <option
                value="3"
              >
                Adjective
              </option>
              <option
                value="4"
              >
                Other
              </option>
              <option
                value="5"
              >
                Greetings
              </option>
              <option
                value="6"
              >
                Numbers
              </option>
            </select>
            <div
              class="form-error"
            />
          </div>
        </div>
        <div
          class="edit-form__buttons"
        >
          <input
            type="submit"
            value="Save"
          />
          <input
            type="button"
            value="Cancel"
          />
        </div>
      </form>
    </section>
  </div>,
  "debug": [Function],
  "findAllByAltText": [Function],
  "findAllByDisplayValue": [Function],
  "findAllByLabelText": [Function],
  "findAllByPlaceholderText": [Function],
  "findAllByRole": [Function],
  "findAllByTestId": [Function],
  "findAllByText": [Function],
  "findAllByTitle": [Function],
  "findByAltText": [Function],
  "findByDisplayValue": [Function],
  "findByLabelText": [Function],
  "findByPlaceholderText": [Function],
  "findByRole": [Function],
  "findByTestId": [Function],
  "findByText": [Function],
  "findByTitle": [Function],
  "getAllByAltText": [Function],
  "getAllByDisplayValue": [Function],
  "getAllByLabelText": [Function],
  "getAllByPlaceholderText": [Function],
  "getAllByRole": [Function],
  "getAllByTestId": [Function],
  "getAllByText": [Function],
  "getAllByTitle": [Function],
  "getByAltText": [Function],
  "getByDisplayValue": [Function],
  "getByLabelText": [Function],
  "getByPlaceholderText": [Function],
  "getByRole": [Function],
  "getByTestId": [Function],
  "getByText": [Function],
  "getByTitle": [Function],
  "queryAllByAltText": [Function],
  "queryAllByDisplayValue": [Function],
  "queryAllByLabelText": [Function],
  "queryAllByPlaceholderText": [Function],
  "queryAllByRole": [Function],
  "queryAllByTestId": [Function],
  "queryAllByText": [Function],
  "queryAllByTitle": [Function],
  "queryByAltText": [Function],
  "queryByDisplayValue": [Function],
  "queryByLabelText": [Function],
  "queryByPlaceholderText": [Function],
  "queryByRole": [Function],
  "queryByTestId": [Function],
  "queryByText": [Function],
  "queryByTitle": [Function],
  "rerender": [Function],
  "store": {
    "@@observable": [Function],
    "dispatch": [Function],
    "getState": [Function],
    "replaceReducer": [Function],
    "subscribe": [Function],
  },
  "unmount": [Function],
}
`;
